﻿
> frontend@0.0.0 build
> ng build

[33mÔØ»[39m Building...
npm : ERROR ReferenceError: localStorage is not defined
Au caractère Ligne:1 : 54
+ ... rs\M\Desktop\projet adem\projet\frontend"; npm run build 2>&1 | Out-F ...
+                                                ~~~~~~~~~~~~~~~~~~
    + CategoryInfo          : NotSpecified: (ERROR Reference... is not defined 
   :String) [], RemoteException
    + FullyQualifiedErrorId : NativeCommandError
 
    at e.loadAvatar (file:///C:/Users/M/Desktop/projet%20adem/projet/frontend/.
angular/prerender-root/46684fc3-8041-4563-bed1-0c6c3d5cb439/main.server.mjs:105
:215076)
    at e.ngOnInit (file:///C:/Users/M/Desktop/projet%20adem/projet/frontend/.an
gular/prerender-root/46684fc3-8041-4563-bed1-0c6c3d5cb439/main.server.mjs:105:2
14881)
    at G_ (file:///C:/Users/M/Desktop/projet%20adem/projet/frontend/.angular/pr
erender-root/46684fc3-8041-4563-bed1-0c6c3d5cb439/main.server.mjs:5:27912)
    at mF (file:///C:/Users/M/Desktop/projet%20adem/projet/frontend/.angular/pr
erender-root/46684fc3-8041-4563-bed1-0c6c3d5cb439/main.server.mjs:5:28080)
    at Ow (file:///C:/Users/M/Desktop/projet%20adem/projet/frontend/.angular/pr
erender-root/46684fc3-8041-4563-bed1-0c6c3d5cb439/main.server.mjs:5:27798)
    at Uf (file:///C:/Users/M/Desktop/projet%20adem/projet/frontend/.angular/pr
erender-root/46684fc3-8041-4563-bed1-0c6c3d5cb439/main.server.mjs:5:27524)
    at IB (file:///C:/Users/M/Desktop/projet%20adem/projet/frontend/.angular/pr
erender-root/46684fc3-8041-4563-bed1-0c6c3d5cb439/main.server.mjs:5:67433)
    at py (file:///C:/Users/M/Desktop/projet%20adem/projet/frontend/.angular/pr
erender-root/46684fc3-8041-4563-bed1-0c6c3d5cb439/main.server.mjs:5:68520)
    at eS (file:///C:/Users/M/Desktop/projet%20adem/projet/frontend/.angular/pr
erender-root/46684fc3-8041-4563-bed1-0c6c3d5cb439/main.server.mjs:5:68349)
    at XD (file:///C:/Users/M/Desktop/projet%20adem/projet/frontend/.angular/pr
erender-root/46684fc3-8041-4563-bed1-0c6c3d5cb439/main.server.mjs:5:68083)
­ƒôí Chargement des capteurs...
ÔØî Erreur chargement capteurs: oc {
  headers: e {
    headers: Map(0) {},
    normalizedNames: Map(0) {},
    lazyInit: undefined,
    lazyUpdate: null
  },
  status: 0,
  statusText: 'Unknown Error',
  url: 'http://localhost:8000/api/sensors',
  ok: false,
  type: undefined,
  redirected: undefined,
  responseType: undefined,
  name: 'HttpErrorResponse',
  message: 'Http failure response for http://localhost:8000/api/sensors: 0 
Unknown Error',
  error: r {
    type: 'error',
    target: r {
      onloadstart: null,
      onprogress: null,
      onabort: null,
      onerror: null,
      onload: null,
      ontimeout: null,
      onloadend: null,
      _listeners: [Object],
      onreadystatechange: null,
      _anonymous: undefined,
      readyState: 4,
      response: null,
      responseText: '',
      responseType: 'text',
      responseURL: '',
      status: 0,
      statusText: '',
      timeout: 0,
      upload: [b],
      _method: 'GET',
      _url: [Url],
      _sync: false,
      _headers: [Object],
      _loweredHeaders: [Object],
      _mimeOverride: null,
      _request: null,
      _response: null,
      _responseParts: null,
      _responseHeaders: null,
      _aborting: null,
      _error: null,
      _loadedBytes: 0,
      _totalBytes: 0,
      _lengthComputable: false
    },
    currentTarget: r {
      onloadstart: null,
      onprogress: null,
      onabort: null,
      onerror: null,
      onload: null,
      ontimeout: null,
      onloadend: null,
      _listeners: [Object],
      onreadystatechange: null,
      _anonymous: undefined,
      readyState: 4,
      response: null,
      responseText: '',
      responseType: 'text',
      responseURL: '',
      status: 0,
      statusText: '',
      timeout: 0,
      upload: [b],
      _method: 'GET',
      _url: [Url],
      _sync: false,
      _headers: [Object],
      _loweredHeaders: [Object],
      _mimeOverride: null,
      _request: null,
      _response: null,
      _responseParts: null,
      _responseHeaders: null,
      _aborting: null,
      _error: null,
      _loadedBytes: 0,
      _totalBytes: 0,
      _lengthComputable: false
    },
    lengthComputable: false,
    loaded: 0,
    total: 0
  }
}
ERROR ReferenceError: navigator is not defined
    at e.initWeather (file:///C:/Users/M/Desktop/projet%20adem/projet/frontend/
.angular/prerender-root/95b57bd8-937b-42d8-8b45-843f0384b832/main.server.mjs:10
5:83972)
    at e.ngOnInit (file:///C:/Users/M/Desktop/projet%20adem/projet/frontend/.an
gular/prerender-root/95b57bd8-937b-42d8-8b45-843f0384b832/main.server.mjs:105:8
3928)
    at G_ (file:///C:/Users/M/Desktop/projet%20adem/projet/frontend/.angular/pr
erender-root/95b57bd8-937b-42d8-8b45-843f0384b832/main.server.mjs:5:27912)
    at mF (file:///C:/Users/M/Desktop/projet%20adem/projet/frontend/.angular/pr
erender-root/95b57bd8-937b-42d8-8b45-843f0384b832/main.server.mjs:5:28080)
    at Ow (file:///C:/Users/M/Desktop/projet%20adem/projet/frontend/.angular/pr
erender-root/95b57bd8-937b-42d8-8b45-843f0384b832/main.server.mjs:5:27798)
    at Uf (file:///C:/Users/M/Desktop/projet%20adem/projet/frontend/.angular/pr
erender-root/95b57bd8-937b-42d8-8b45-843f0384b832/main.server.mjs:5:27524)
    at IB (file:///C:/Users/M/Desktop/projet%20adem/projet/frontend/.angular/pr
erender-root/95b57bd8-937b-42d8-8b45-843f0384b832/main.server.mjs:5:67433)
    at py (file:///C:/Users/M/Desktop/projet%20adem/projet/frontend/.angular/pr
erender-root/95b57bd8-937b-42d8-8b45-843f0384b832/main.server.mjs:5:68520)
    at eS (file:///C:/Users/M/Desktop/projet%20adem/projet/frontend/.angular/pr
erender-root/95b57bd8-937b-42d8-8b45-843f0384b832/main.server.mjs:5:68349)
    at XD (file:///C:/Users/M/Desktop/projet%20adem/projet/frontend/.angular/pr
erender-root/95b57bd8-937b-42d8-8b45-843f0384b832/main.server.mjs:5:68083)
ERROR ReferenceError: navigator is not defined
    at e.initWeather (file:///C:/Users/M/Desktop/projet%20adem/projet/frontend/
.angular/prerender-root/46684fc3-8041-4563-bed1-0c6c3d5cb439/main.server.mjs:10
5:139457)
    at e.ngOnInit (file:///C:/Users/M/Desktop/projet%20adem/projet/frontend/.an
gular/prerender-root/46684fc3-8041-4563-bed1-0c6c3d5cb439/main.server.mjs:105:1
39173)
    at G_ (file:///C:/Users/M/Desktop/projet%20adem/projet/frontend/.angular/pr
erender-root/46684fc3-8041-4563-bed1-0c6c3d5cb439/main.server.mjs:5:27912)
    at mF (file:///C:/Users/M/Desktop/projet%20adem/projet/frontend/.angular/pr
erender-root/46684fc3-8041-4563-bed1-0c6c3d5cb439/main.server.mjs:5:28080)
    at Ow (file:///C:/Users/M/Desktop/projet%20adem/projet/frontend/.angular/pr
erender-root/46684fc3-8041-4563-bed1-0c6c3d5cb439/main.server.mjs:5:27798)
    at Uf (file:///C:/Users/M/Desktop/projet%20adem/projet/frontend/.angular/pr
erender-root/46684fc3-8041-4563-bed1-0c6c3d5cb439/main.server.mjs:5:27524)
    at IB (file:///C:/Users/M/Desktop/projet%20adem/projet/frontend/.angular/pr
erender-root/46684fc3-8041-4563-bed1-0c6c3d5cb439/main.server.mjs:5:67433)
    at py (file:///C:/Users/M/Desktop/projet%20adem/projet/frontend/.angular/pr
erender-root/46684fc3-8041-4563-bed1-0c6c3d5cb439/main.server.mjs:5:68520)
    at eS (file:///C:/Users/M/Desktop/projet%20adem/projet/frontend/.angular/pr
erender-root/46684fc3-8041-4563-bed1-0c6c3d5cb439/main.server.mjs:5:68349)
    at XD (file:///C:/Users/M/Desktop/projet%20adem/projet/frontend/.angular/pr
erender-root/46684fc3-8041-4563-bed1-0c6c3d5cb439/main.server.mjs:5:68083)
[32mÔ£ö[39m Building...
[1m[33m[33mÔû▓ [43;33m[[43;30mWARNING[43;33m][0m [1mbundle initial 
exceeded maximum budget. Budget 500.00 kB was not met by 44.72 kB with a total 
of 544.72 kB.[0m


[33mÔû▓ [43;33m[[43;30mWARNING[43;33m][0m [1mangular:styles/component:css
;0fa8b37967d66d41b3772039868a94c10228bd06537f6884da1c2835588390a5;C:/Users/M/De
sktop/projet adem/projet/frontend/src/app/pages/profile/profile.component.ts 
exceeded maximum budget. Budget 4.00 kB was not met by 641 bytes with a total 
of 4.64 kB.[0m


[33mÔû▓ [43;33m[[43;30mWARNING[43;33m][0m [1mangular:styles/component:css
;958ee2555c8eac9713034a82c82eca3bd708f6bb4d0808e86b09cb77e30a3035;C:/Users/M/De
sktop/projet adem/projet/frontend/src/app/pages/traffic/traffic.component.ts 
exceeded maximum budget. Budget 4.00 kB was not met by 3.23 kB with a total of 
7.23 kB.[0m


[33mÔû▓ [43;33m[[43;30mWARNING[43;33m][0m [1mangular:styles/component:css
;464c661adbb1db47b4cb14355c05c6681f8f24678d41ea6a78464b59cc8cd322;C:/Users/M/De
sktop/projet 
adem/projet/frontend/src/app/pages/dashboard/dashboard.component.ts exceeded 
maximum budget. Budget 4.00 kB was not met by 6.06 kB with a total of 10.06 
kB.[0m


[33mÔû▓ [43;33m[[43;30mWARNING[43;33m][0m [1mangular:styles/component:css
;c2fbdee7db13881bb695835c4e9f5cf0878443b344f0af66c0c898a8fa3f2fe7;C:/Users/M/De
sktop/projet adem/projet/frontend/src/app/pages/parking/parking.component.ts 
exceeded maximum budget. Budget 4.00 kB was not met by 2.43 kB with a total of 
6.43 kB.[0m


[33mÔû▓ [43;33m[[43;30mWARNING[43;33m][0m [1mangular:styles/component:css
;96919d0a0de525faaffe85785d71ee3488868285f010d9b17257f8bb5fda1f3c;C:/Users/M/De
sktop/projet adem/projet/frontend/src/app/pages/sensors/sensors.component.ts 
exceeded maximum budget. Budget 4.00 kB was not met by 13.59 kB with a total 
of 17.59 kB.[0m


[33mÔû▓ [43;33m[[43;30mWARNING[43;33m][0m [1msrc/app/app.css exceeded 
maximum budget. Budget 4.00 kB was not met by 3.87 kB with a total of 7.87 
kB.[0m

[39m[22m
[1m[31m[31mX [41;31m[[41;97mERROR[41;31m][0m [1mangular:styles/componen
t:css;464c661adbb1db47b4cb14355c05c6681f8f24678d41ea6a78464b59cc8cd322;C:/Users
/M/Desktop/projet 
adem/projet/frontend/src/app/pages/dashboard/dashboard.component.ts exceeded 
maximum budget. Budget 8.00 kB was not met by 2.06 kB with a total of 10.06 
kB.[0m


[31mX [41;31m[[41;97mERROR[41;31m][0m [1mangular:styles/component:css;969
19d0a0de525faaffe85785d71ee3488868285f010d9b17257f8bb5fda1f3c;C:/Users/M/Deskto
p/projet adem/projet/frontend/src/app/pages/sensors/sensors.component.ts 
exceeded maximum budget. Budget 8.00 kB was not met by 9.59 kB with a total of 
17.59 kB.[0m

[39m[22m
[35mBrowser bundles[39m     
[1mInitial chunk files[22m [2m | [22m[1mNames[22m           [2m | [22m [1mRaw size[22m[2m | [22m[1mEstimated transfer size[22m
[32mmain-AJRPPYMV.js[39m    [2m | [22m[2mmain[22m            [2m | [22m[36m538.67 kB[39m[2m | [22m              [36m122.47 kB[39m
[32mstyles-233AH5SA.css[39m [2m | [22m[2mstyles[22m          [2m | [22m  [36m6.04 kB[39m[2m | [22m                [36m1.17 kB[39m

[1m [22m                   [2m | [22m[1mInitial total[22m   [2m | [22m[1m[93m544.72 kB[39m[22m[2m | [22m              [1m123.64 kB[22m


[35mServer bundles[39m      
[1mInitial chunk files[22m [2m | [22m[1mNames[22m           [2m | [22m [1mRaw size[22m
[32mmain.server.mjs[39m     [2m | [22m[2mmain.server[22m     [2m | [22m[36m977.15 kB[39m[2m | [22m                       
[32mserver.mjs[39m          [2m | [22m[2mserver[22m          [2m | [22m[36m811.98 kB[39m[2m | [22m                       
[32mpolyfills.server.mjs[39m[2m | [22m[2mpolyfills.server[22m[2m | [22m[36m233.73 kB[39m[2m | [22m                       
[32mchunk-BBJ2OP3G.mjs[39m  [2m | [22m[2m-[22m               [2m | [22m  [36m1.34 kB[39m[2m | [22m                       
[32mchunk-T55IDOPT.mjs[39m  [2m | [22m[2m-[22m               [2m | [22m[36m976 bytes[39m[2m | [22m                       

[1mLazy chunk files[22m    [2m | [22m[1mNames[22m           [2m | [22m [1mRaw size[22m
[32mchunk-BP7AI3FB.mjs[39m  [2m | [22m[2mxhr2[22m            [2m | [22m [36m12.17 kB[39m[2m | [22m                       
[32mchunk-N3SI5I4Q.mjs[39m  [2m | [22m[2mxhr2[22m            [2m | [22m [36m12.07 kB[39m[2m | [22m                       

[35mPrerendered 8 static routes.[39m
Application bundle generation failed. [4.514 seconds] - 2026-04-16T18:38:53.917Z

